
> portfolio@0.0.0 build
> vite build

[36mvite v7.2.4 [32mbuilding client environment for production...[36m[39m
transforming...
[32m✓[39m 9 modules transformed.
[31m✗[39m Build failed in 406ms
[31merror during build:
[31m[vite:css] [postcss] It looks like you're trying to use `tailwindcss` directly as a PostCSS plugin. The PostCSS plugin has moved to a separate package, so to continue using Tailwind CSS with PostCSS you'll need to install `@tailwindcss/postcss` and update your PostCSS configuration.[31m
file: [36mC:/Users/vishn/OneDrive/Desktop/portfolio/src/index.css:undefined:NaN[31m
    at at (C:\Users\vishn\OneDrive\Desktop\portfolio\node_modules\tailwindcss\dist\lib.js:38:1629)
    at LazyResult.runOnRoot (C:\Users\vishn\OneDrive\Desktop\portfolio\node_modules\postcss\lib\lazy-result.js:361:16)
    at LazyResult.runAsync (C:\Users\vishn\OneDrive\Desktop\portfolio\node_modules\postcss\lib\lazy-result.js:290:26)
    at LazyResult.async (C:\Users\vishn\OneDrive\Desktop\portfolio\node_modules\postcss\lib\lazy-result.js:192:30)
    at LazyResult.then (C:\Users\vishn\OneDrive\Desktop\portfolio\node_modules\postcss\lib\lazy-result.js:436:17)[39m
